{
  "route": "missing",
  "missing": ["pricing_error"]
}
