{
  "route": "success",
  "extracted": {
    "direction": "OUTBOUND",
    "scope": "WW_EXCL_US_CA",
    "plan": "Gold",
    "days": 15,
    "start_date": "2025-11-05",
    "end_date": "2025-11-19",
    "sports_coverage": false
  },
  "travellers": [
    {
      "name": "MARIA GARCIA",
      "passport": "IJ4567890",
      "age": 36,
      "is_senior": false
    }
  ],
  "pricing": {
    "base_per_traveller": "40.00",
    "subtotal": "40.00",
    "group_discount": "0.00",
    "net": "40.00",
    "tax": "0.00",
    "fees": "0.00",
    "total": "40.00",
    "currency": "USD"
  }
}
