{
  "route": "success",
  "extracted": {
    "direction": "OUTBOUND",
    "scope": "WW_EXCL_US_CA",
    "plan": "Silver",
    "days": 213,
    "start_date": "2026-02-01",
    "end_date": "2026-09-01",
    "sports_coverage": false
  },
  "travellers": [
    {
      "name": "JUAN LOPEZ",
      "passport": "OP7890123",
      "age": 33,
      "is_senior": false
    }
  ],
  "pricing": {
    "base_per_traveller": "155.00",
    "subtotal": "155.00",
    "group_discount": "0.00",
    "net": "155.00",
    "tax": "0.00",
    "fees": "0.00",
    "total": "155.00",
    "currency": "USD"
  }
}
