{
  "route": "success",
  "extracted": {
    "direction": "OUTBOUND",
    "scope": "WORLDWIDE",
    "plan": "Gold",
    "days": 154,
    "start_date": "2026-03-20",
    "end_date": "2026-08-20",
    "sports_coverage": false
  },
  "travellers": [
    {
      "name": "HIROSHI TANAKA",
      "passport": "ST9012345",
      "age": 31,
      "is_senior": false
    }
  ],
  "pricing": {
    "base_per_traveller": "165.00",
    "subtotal": "165.00",
    "group_discount": "0.00",
    "net": "165.00",
    "tax": "0.00",
    "fees": "0.00",
    "total": "165.00",
    "currency": "USD"
  }
}
