{
  "route": "success",
  "extracted": {
    "direction": "OUTBOUND",
    "scope": "WORLDWIDE",
    "plan": "Gold Plus",
    "days": 274,
    "start_date": "2026-02-15",
    "end_date": "2026-11-15",
    "sports_coverage": false
  },
  "travellers": [
    {
      "name": "CARLOS MARTINEZ",
      "passport": "GH3456789",
      "age": 38,
      "is_senior": false
    }
  ],
  "pricing": {
    "base_per_traveller": "340.00",
    "subtotal": "340.00",
    "group_discount": "0.00",
    "net": "340.00",
    "tax": "0.00",
    "fees": "0.00",
    "total": "340.00",
    "currency": "USD"
  }
}
