{
  "route": "success",
  "extracted": {
    "direction": "OUTBOUND",
    "scope": "WW_EXCL_US_CA",
    "plan": "Silver",
    "days": 91,
    "start_date": "2025-12-01",
    "end_date": "2026-03-01",
    "sports_coverage": false
  },
  "travellers": [
    {
      "name": "DAVID BROWN",
      "passport": "KL5678901",
      "age": 35,
      "is_senior": false
    }
  ],
  "pricing": {
    "base_per_traveller": "55.00",
    "subtotal": "55.00",
    "group_discount": "0.00",
    "net": "55.00",
    "tax": "0.00",
    "fees": "0.00",
    "total": "55.00",
    "currency": "USD"
  }
}
