{
  "route": "success",
  "extracted": {
    "direction": "OUTBOUND",
    "scope": "WORLDWIDE",
    "plan": "Gold Plus",
    "days": 60,
    "start_date": "2026-01-10",
    "end_date": "2026-03-10",
    "sports_coverage": false
  },
  "travellers": [
    {
      "name": "ALICE JOHNSON",
      "passport": "CD1234567",
      "age": 37,
      "is_senior": false
    }
  ],
  "pricing": {
    "base_per_traveller": "110.00",
    "subtotal": "110.00",
    "group_discount": "0.00",
    "net": "110.00",
    "tax": "0.00",
    "fees": "0.00",
    "total": "110.00",
    "currency": "USD"
  }
}
